============================= test session starts ==============================
platform linux -- Python 3.13.7, pytest-9.0.2, pluggy-1.6.0 -- /media/michal/647A504F7A50205A/GENOME/Michal/VariDex10/VariDex/venv/bin/python3
cachedir: .pytest_cache
hypothesis profile 'default'
rootdir: /media/michal/647A504F7A50205A/GENOME/Michal/VariDex10/VariDex
configfile: pytest.ini (WARNING: ignoring pytest config in pyproject.toml!)
plugins: typeguard-4.4.4, hypothesis-6.151.3, cov-7.0.0
collecting ... collected 0 items

============================ no tests ran in 0.04s =============================
